2026-09-17 00:19:31.392: [INFO] CurrentProfilePath: D:\CodingProjects\Mixed_Language\Pliette\.edge-hl-run\Default
2026-09-17 00:19:31.392: [INFO] Profiles total count: 1
2026-09-17 00:19:31.393: [INFO] Profile: name=用户配置 1 path=D:\CodingProjects\Mixed_Language\Pliette\.edge-hl-run\Default lastActive=2026-09-17T00:19:31.348Z
2026-09-17 00:19:31.393: [INFO] LastUsedProfileDir: D:\CodingProjects\Mixed_Language\Pliette\.edge-hl-run\Default
2026-09-17 00:19:31.393: [INFO] MostRecentlyActiveProfile: name=用户配置 1 path=D:\CodingProjects\Mixed_Language\Pliette\.edge-hl-run\Default lastActive=2026-09-17T00:19:31.348Z
2026-09-17 00:19:31.393: [INFO] OnDoneLoading sync enabled: 0
2026-09-17 00:19:31.393: [INFO] BookmarkModelLoaded, ids_reassigned: 0
2026-09-17 00:19:31.393: [INFO] BookmarksLoadDropped droppedNodes=0
2026-09-17 00:19:31.393: [INFO] BookmarksSnapshot Startup total=0 bar=0 other=0 mobile=0 showBar=0 showBarNTP=1
2026-09-17 00:19:31.502: [INFO] RecordSyncInitDuration has_sync_been_enabled: 0 state: 0
2026-09-17 00:19:31.724: [INFO] VisibilityChanged: 0
2026-09-17 00:19:32.520: [INFO] RecordSyncInitDuration has_sync_been_enabled: 0 state: 0
2026-09-17 00:19:32.530: [INFO] RecordSyncInitDuration has_sync_been_enabled: 0 state: 3
2026-09-17 00:19:32.547: [INFO] Primary account changed.
2026-09-17 00:19:32.547: [INFO] OnPrimaryAccountChanged PrimaryAccountChangeEvent::Type::kSet
2026-09-17 00:19:32.567: [INFO] RecordSyncInitDuration has_sync_been_enabled: 0 state: 3
2026-09-17 00:19:32.628: [INFO] RecordSyncInitDuration has_sync_been_enabled: 0 state: 3
2026-09-17 00:19:48.408: [INFO] BookmarkNodeAdded, ABU: 0
2026-09-17 00:19:48.408: [INFO] BookmarkNodeAdded, ABU: 0
2026-09-17 00:19:48.409: [INFO] BookmarkNodeAdded, ABU: 0
2026-09-17 00:19:48.410: [INFO] BookmarkNodeAdded, ABU: 0
2026-09-17 00:19:48.410: [INFO] BookmarkNodeAdded, ABU: 0
2026-09-17 00:19:48.410: [INFO] BookmarkNodeAdded, ABU: 0
2026-09-17 00:19:48.411: [INFO] BookmarkNodeAdded, ABU: 0
2026-09-17 00:19:48.411: [INFO] BookmarkNodeAdded, ABU: 0
2026-09-17 00:19:48.412: [INFO] BookmarkNodeAdded, ABU: 0
2026-09-17 00:19:48.412: [INFO] BookmarkNodeAdded, ABU: 0
2026-09-17 00:19:48.413: [INFO] BookmarkNodeAdded, ABU: 0
2026-09-17 00:19:48.413: [INFO] BookmarkNodeAdded, ABU: 0
2026-09-17 00:19:48.414: [INFO] BookmarkNodeAdded, ABU: 0
2026-09-17 00:19:48.414: [INFO] BookmarkNodeAdded, ABU: 0
2026-09-17 00:19:48.414: [INFO] BookmarkNodeAdded, ABU: 0
2026-09-17 00:19:48.415: [INFO] BookmarkNodeAdded, ABU: 0
2026-09-17 00:19:48.415: [INFO] BookmarkNodeAdded, ABU: 0
2026-09-17 00:19:48.416: [INFO] BookmarkNodeAdded, ABU: 0
2026-09-17 00:19:48.416: [INFO] BookmarkNodeAdded, ABU: 0
2026-09-17 00:19:48.417: [INFO] BookmarkNodeAdded, ABU: 0
2026-09-17 00:19:48.418: [INFO] BookmarkNodeAdded, ABU: 0
2026-09-17 00:19:48.418: [INFO] BookmarkNodeAdded, ABU: 0
2026-09-17 00:19:48.419: [INFO] BookmarkNodeAdded, ABU: 0
2026-09-17 00:19:48.419: [INFO] BookmarkNodeAdded, ABU: 0
2026-09-17 00:19:48.420: [INFO] BookmarkNodeAdded, ABU: 0
2026-09-17 00:19:48.421: [INFO] BookmarkNodeAdded, ABU: 0
2026-09-17 00:19:48.421: [INFO] BookmarkNodeAdded, ABU: 0
2026-09-17 00:19:48.422: [INFO] BookmarkNodeAdded, ABU: 0
2026-09-17 00:19:48.422: [INFO] BookmarkNodeAdded, ABU: 0
2026-09-17 00:19:48.423: [INFO] BookmarkNodeAdded, ABU: 0
2026-09-17 00:19:48.423: [INFO] BookmarkNodeAdded, ABU: 0
2026-09-17 00:19:48.424: [INFO] BookmarkNodeAdded, ABU: 0
2026-09-17 00:19:48.424: [INFO] BookmarkNodeAdded, ABU: 0
2026-09-17 00:19:48.425: [INFO] BookmarkNodeAdded, ABU: 0
2026-09-17 00:19:48.425: [INFO] BookmarkNodeAdded, ABU: 0
2026-09-17 00:19:48.426: [INFO] BookmarkNodeAdded, ABU: 0
2026-09-17 00:19:48.426: [INFO] BookmarkNodeAdded, ABU: 0
2026-09-17 00:19:48.426: [INFO] BookmarkNodeAdded, ABU: 0
2026-09-17 00:19:48.427: [INFO] BookmarkNodeAdded, ABU: 0
2026-09-17 00:19:48.427: [INFO] BookmarkNodeAdded, ABU: 0
2026-09-17 00:19:48.428: [INFO] BookmarkNodeAdded, ABU: 0
2026-09-17 00:19:48.428: [INFO] BookmarkNodeAdded, ABU: 0
2026-09-17 00:19:48.428: [INFO] BookmarkNodeAdded, ABU: 0
2026-09-17 00:19:48.429: [INFO] BookmarkNodeAdded, ABU: 0
2026-09-17 00:19:48.429: [INFO] BookmarkNodeAdded, ABU: 0
2026-09-17 00:19:48.468: [INFO] BookmarkBarPrefChanged showBar=0 showBarNTP=0
2026-09-17 00:19:48.677: [INFO] VisibilityChanged: 1
2026-09-17 00:20:09.643: [INFO] Sync initialization duration: 36797ms
2026-09-17 00:20:39.833: [INFO] VisibilityChanged: 0
2026-09-17 00:20:39.947: [INFO] BookmarksSnapshot Shutdown total=44 bar=14 other=0 mobile=16 showBar=1 showBarNTP=0
2026-09-17 00:21:35.493: [INFO] CurrentProfilePath: D:\CodingProjects\Mixed_Language\Pliette\.edge-hl-run\Default
2026-09-17 00:21:35.493: [INFO] Profiles total count: 1
2026-09-17 00:21:35.493: [INFO] Profile: name=个人 path=D:\CodingProjects\Mixed_Language\Pliette\.edge-hl-run\Default lastActive=2026-09-17T00:21:35.466Z
2026-09-17 00:21:35.493: [INFO] LastUsedProfileDir: D:\CodingProjects\Mixed_Language\Pliette\.edge-hl-run\Default
2026-09-17 00:21:35.493: [INFO] MostRecentlyActiveProfile: name=个人 path=D:\CodingProjects\Mixed_Language\Pliette\.edge-hl-run\Default lastActive=2026-09-17T00:21:35.466Z
2026-09-17 00:21:35.493: [INFO] OnDoneLoading sync enabled: 1
2026-09-17 00:21:35.493: [INFO] BookmarkModelLoaded, ids_reassigned: 0
2026-09-17 00:21:35.493: [INFO] BookmarksLoadDropped droppedNodes=0
2026-09-17 00:21:35.493: [INFO] BookmarksSnapshot Startup total=44 bar=14 other=0 mobile=16 showBar=1 showBarNTP=0
2026-09-17 00:21:35.666: [INFO] Sync initialization duration: 26ms
2026-09-17 00:22:47.116: [INFO] VisibilityChanged: 0
2026-09-17 00:22:47.222: [INFO] BookmarksSnapshot Shutdown total=44 bar=14 other=0 mobile=16 showBar=1 showBarNTP=0
2026-09-17 00:22:47.915: [INFO] CurrentProfilePath: D:\CodingProjects\Mixed_Language\Pliette\.edge-hl-run\Default
2026-09-17 00:22:47.915: [INFO] Profiles total count: 1
2026-09-17 00:22:47.915: [INFO] Profile: name=个人 path=D:\CodingProjects\Mixed_Language\Pliette\.edge-hl-run\Default lastActive=2026-09-17T00:22:47.885Z
2026-09-17 00:22:47.915: [INFO] LastUsedProfileDir: D:\CodingProjects\Mixed_Language\Pliette\.edge-hl-run\Default
2026-09-17 00:22:47.915: [INFO] MostRecentlyActiveProfile: name=个人 path=D:\CodingProjects\Mixed_Language\Pliette\.edge-hl-run\Default lastActive=2026-09-17T00:22:47.885Z
2026-09-17 00:22:47.915: [INFO] OnDoneLoading sync enabled: 1
2026-09-17 00:22:47.915: [INFO] BookmarkModelLoaded, ids_reassigned: 0
2026-09-17 00:22:47.915: [INFO] BookmarksLoadDropped droppedNodes=0
2026-09-17 00:22:47.915: [INFO] BookmarksSnapshot Startup total=44 bar=14 other=0 mobile=16 showBar=1 showBarNTP=0
2026-09-17 00:22:48.095: [INFO] Sync initialization duration: 31ms
2026-09-17 00:24:41.955: [INFO] VisibilityChanged: 0
2026-09-17 00:24:42.050: [INFO] BookmarksSnapshot Shutdown total=44 bar=14 other=0 mobile=16 showBar=1 showBarNTP=0
2026-09-17 00:24:42.681: [INFO] CurrentProfilePath: D:\CodingProjects\Mixed_Language\Pliette\.edge-hl-run\Default
2026-09-17 00:24:42.681: [INFO] Profiles total count: 1
2026-09-17 00:24:42.681: [INFO] Profile: name=个人 path=D:\CodingProjects\Mixed_Language\Pliette\.edge-hl-run\Default lastActive=2026-09-17T00:24:42.661Z
2026-09-17 00:24:42.681: [INFO] LastUsedProfileDir: D:\CodingProjects\Mixed_Language\Pliette\.edge-hl-run\Default
2026-09-17 00:24:42.681: [INFO] MostRecentlyActiveProfile: name=个人 path=D:\CodingProjects\Mixed_Language\Pliette\.edge-hl-run\Default lastActive=2026-09-17T00:24:42.661Z
2026-09-17 00:24:42.681: [INFO] OnDoneLoading sync enabled: 1
2026-09-17 00:24:42.681: [INFO] BookmarkModelLoaded, ids_reassigned: 0
2026-09-17 00:24:42.681: [INFO] BookmarksLoadDropped droppedNodes=0
2026-09-17 00:24:42.681: [INFO] BookmarksSnapshot Startup total=44 bar=14 other=0 mobile=16 showBar=1 showBarNTP=0
2026-09-17 00:24:42.901: [INFO] Sync initialization duration: 45ms
2026-09-17 00:37:50.723: [INFO] VisibilityChanged: 0
2026-09-17 00:37:50.825: [INFO] BookmarksSnapshot Shutdown total=44 bar=14 other=0 mobile=16 showBar=1 showBarNTP=0
2026-09-17 00:37:51.460: [INFO] CurrentProfilePath: D:\CodingProjects\Mixed_Language\Pliette\.edge-hl-run\Default
2026-09-17 00:37:51.460: [INFO] Profiles total count: 1
2026-09-17 00:37:51.460: [INFO] Profile: name=个人 path=D:\CodingProjects\Mixed_Language\Pliette\.edge-hl-run\Default lastActive=2026-09-17T00:37:51.443Z
2026-09-17 00:37:51.460: [INFO] LastUsedProfileDir: D:\CodingProjects\Mixed_Language\Pliette\.edge-hl-run\Default
2026-09-17 00:37:51.460: [INFO] MostRecentlyActiveProfile: name=个人 path=D:\CodingProjects\Mixed_Language\Pliette\.edge-hl-run\Default lastActive=2026-09-17T00:37:51.443Z
2026-09-17 00:37:51.460: [INFO] OnDoneLoading sync enabled: 1
2026-09-17 00:37:51.460: [INFO] BookmarkModelLoaded, ids_reassigned: 0
2026-09-17 00:37:51.460: [INFO] BookmarksLoadDropped droppedNodes=0
2026-09-17 00:37:51.460: [INFO] BookmarksSnapshot Startup total=44 bar=14 other=0 mobile=16 showBar=1 showBarNTP=0
2026-09-17 00:37:51.646: [INFO] Sync initialization duration: 36ms
2026-09-17 00:40:13.290: [INFO] VisibilityChanged: 0
2026-09-17 00:40:13.383: [INFO] BookmarksSnapshot Shutdown total=44 bar=14 other=0 mobile=16 showBar=1 showBarNTP=0
