{"logTime": "0917/002009", "correlationVector":"0gAkjHSyxdIVYLyyO1eu6X.3","action":"GetUpdates Response", "result":"Success", "context":Received 43 update(s). cV=0gAkjHSyxdIVYLyyO1eu6X.0;server=akswtt00300002s;cloudType=Consumer;environment=Prod_southeastasia_prod-s01-064-apac-southeastasia;migrationStage=NotStarted}
{"logTime": "0917/002009", "correlationVector":"+PmuERz37lu8DDsmbXcLfI","action":"Normal GetUpdate request", "result":"", "context":cV=+PmuERz37lu8DDsmbXcLfI
Nudged types: Sessions, Device Info, User Consents
Refresh requested types: Bookmarks, Preferences, Passwords, Autofill Profiles, Autofill, Extensions, Sessions, Extension settings, History Delete Directives, Device Info, User Consents, Send Tab To Self, Web Apps, History, Saved Tab Group, WebAuthn Credentials, Edge Hub App Usage, Edge Workspace, Encryption Keys}
{"logTime": "0917/002012", "correlationVector":"+PmuERz37lu8DDsmbXcLfI.1","action":"SyncServerConnectionManagerRequest", "result":"SYNC_SERVER_OK", "context":{"environment":"Prod_southeastasia_prod-s01-064-apac-southeastasia", "migrationStage":"NotStarted", "server":"akswtt00300003j"}}
{"logTime": "0917/002012", "correlationVector":"+PmuERz37lu8DDsmbXcLfI.2","action":"GetUpdates Response", "result":"Success", "context":Received 0 update(s). cV=+PmuERz37lu8DDsmbXcLfI.0;server=akswtt00300003j;cloudType=Consumer;environment=Prod_southeastasia_prod-s01-064-apac-southeastasia;migrationStage=NotStarted}
{"logTime": "0917/002012", "correlationVector":"D3lyPRxPsJ77Iilu0+3Ot0","action":"DoCompareDataConsistency requsted types: ", "result":"Bookmarks, Preferences, Passwords, Extensions, Extension settings, History Delete Directives, Send Tab To Self, Web Apps, History, Saved Tab Group, WebAuthn Credentials, Edge Workspace, Encryption Keys"}
{"logTime": "0917/002012", "correlationVector":"D3lyPRxPsJ77Iilu0+3Ot0.0","action":"CompareDataConsistency result: ", "result":"Compare result: Encryption Keys is consistent. local entities count is: 1 local entities hash is: QhY/E8d3ttf+U1izCkk+EbEip7M="}
{"logTime": "0917/002012", "correlationVector":"D3lyPRxPsJ77Iilu0+3Ot0.1","action":"CompareDataConsistency result: ", "result":"Compare result: Bookmarks is consistent. local entities count is: 45 local entities hash is: L+E/xqUmySpY15X+STGrHr0Okis="}
{"logTime": "0917/002012", "correlationVector":"D3lyPRxPsJ77Iilu0+3Ot0.2","action":"CompareDataConsistency result: ", "result":"Compare result: Preferences is consistent. local entities count is: 111 local entities hash is: GvzooArkjHIPAhUkEzTuXusjoZg="}
{"logTime": "0917/002012", "correlationVector":"D3lyPRxPsJ77Iilu0+3Ot0.3","action":"CompareDataConsistency result: ", "result":"Compare result: Extensions is consistent. local entities count is: 5 local entities hash is: Cw82F6IPvxJ7H8Agf//KFvC/B2w="}
{"logTime": "0917/002012", "correlationVector":"D3lyPRxPsJ77Iilu0+3Ot0.4","action":"CompareDataConsistency result: ", "result":"Compare result: Extension settings is consistent. local entities count is: 2 local entities hash is: +wAQ8pBphLaUAnQTT1rCpGR1dmA="}
{"logTime": "0917/002012", "correlationVector":"D3lyPRxPsJ77Iilu0+3Ot0.5","action":"CompareDataConsistency result: ", "result":"Compare result: History Delete Directives is inconsistent. server entities count is: 4 server entities hash is: lb4zke6wG/B6eDOeKiAPHJfK4SM= local entities count is: 0 local entities hash is: "}
{"logTime": "0917/002012", "correlationVector":"D3lyPRxPsJ77Iilu0+3Ot0.6","action":"CompareDataConsistency result: ", "result":"Server did not send this Send Tab To Self local entities count is: 0 local entities hash is: "}
{"logTime": "0917/002012", "correlationVector":"D3lyPRxPsJ77Iilu0+3Ot0.7","action":"CompareDataConsistency result: ", "result":"Compare result: Web Apps is consistent. local entities count is: 0 local entities hash is: "}
{"logTime": "0917/002012", "correlationVector":"D3lyPRxPsJ77Iilu0+3Ot0.8","action":"CompareDataConsistency result: ", "result":"Server did not send this History local entities count is: 0 local entities hash is: "}
{"logTime": "0917/002012", "correlationVector":"D3lyPRxPsJ77Iilu0+3Ot0.9","action":"CompareDataConsistency result: ", "result":"Compare result: Saved Tab Group is consistent. local entities count is: 0 local entities hash is: "}
{"logTime": "0917/002012", "correlationVector":"D3lyPRxPsJ77Iilu0+3Ot0.10","action":"CompareDataConsistency result: ", "result":"Server did not send this WebAuthn Credentials local entities count is: 2 local entities hash is: LBPYvkkln3heMg6owkl2sRUMdX8="}
{"logTime": "0917/002012", "correlationVector":"D3lyPRxPsJ77Iilu0+3Ot0.11","action":"CompareDataConsistency result: ", "result":"Server did not send this Edge Workspace local entities count is: 0 local entities hash is: "}
{"logTime": "0917/002012", "correlationVector":"D3lyPRxPsJ77Iilu0+3Ot0.12","action":"CompareDataConsistency result: ", "result":"Compare result: Passwords is consistent. local entities count is: 227 local entities hash is: 7hVFkbBRddKHDlb1/t3yVvyMM9c="}
{"logTime": "0917/002012", "correlationVector":"0HNEBPdnUva1pX85ZCTeiV","action":"Commit Request", "result":"", "context":Item count: 4
Contributing types: Sessions, Device Info, User Consents}
{"logTime": "0917/002014", "correlationVector":"0HNEBPdnUva1pX85ZCTeiV.1","action":"SyncServerConnectionManagerRequest", "result":"SYNC_SERVER_OK", "context":{"environment":"Prod_southeastasia_prod-s01-064-apac-southeastasia", "migrationStage":"NotStarted", "server":"akswtt003000049"}}
{"logTime": "0917/002014", "correlationVector":"0HNEBPdnUva1pX85ZCTeiV.2","action":"Commit Response", "result":"Success", "context":Result: Success. cV=0HNEBPdnUva1pX85ZCTeiV.0;server=akswtt003000049;cloudType=Consumer;environment=Prod_southeastasia_prod-s01-064-apac-southeastasia;migrationStage=NotStarted}
{"logTime": "0917/002014", "correlationVector":"","action":"DIAGNOSTIC_REQUEST|v1/diagnosticData/Diagnostic.SendCheckResult()|SUCCESS", "result":""}
{"logTime": "0917/002032", "correlationVector":"NuKZ0lmVBSFoiCSYXV/Au7","action":"Commit Request", "result":"", "context":Item count: 40
Contributing types: Passwords}
{"logTime": "0917/002039", "correlationVector":"NuKZ0lmVBSFoiCSYXV/Au7","action":"SyncServerConnectionManagerRequest", "result":"CONNECTION_UNAVAILABLE", "context":{"error_type":"net_error_code", "error_value":"-3"}}
{"logTime": "0917/002135", "correlationVector":"4TXjvfLK8Mvhp9+Jd6m/kz","action":"Normal GetUpdate request", "result":"", "context":cV=4TXjvfLK8Mvhp9+Jd6m/kz
Nudged types: Passwords, Sessions, History
Refresh requested types: Bookmarks, Preferences, Passwords, Autofill Profiles, Autofill, Extensions, Sessions, Extension settings, History Delete Directives, Device Info, User Consents, Send Tab To Self, Web Apps, History, Saved Tab Group, WebAuthn Credentials, Edge Hub App Usage, Edge Workspace, Encryption Keys}
{"logTime": "0917/002136", "correlationVector":"4TXjvfLK8Mvhp9+Jd6m/kz.1","action":"SyncServerConnectionManagerRequest", "result":"SYNC_SERVER_OK", "context":{"environment":"Prod_southeastasia_prod-s01-065-apac-southeastasia", "migrationStage":"NotStarted", "server":"akswtt00300003t"}}
{"logTime": "0917/002136", "correlationVector":"4TXjvfLK8Mvhp9+Jd6m/kz.2","action":"ProcessGetUpdates", "result":"Done", "context":{"dataType":"Passwords", "deleted":"0", "process_failed_to_decrypt":"0", "process_pending_decryption":"0", "process_success":"40", "total":"40"}}
{"logTime": "0917/002136", "correlationVector":"4TXjvfLK8Mvhp9+Jd6m/kz.3","action":"ProcessGetUpdates", "result":"Done", "context":{"dataType":"Sessions", "deleted":"0", "process_failed_to_decrypt":"0", "process_pending_decryption":"0", "process_success":"2", "total":"2"}}
{"logTime": "0917/002136", "correlationVector":"4TXjvfLK8Mvhp9+Jd6m/kz.4","action":"ProcessGetUpdates", "result":"Done", "context":{"dataType":"Device Info", "deleted":"0", "process_failed_to_decrypt":"0", "process_pending_decryption":"0", "process_success":"1", "total":"1"}}
{"logTime": "0917/002136", "correlationVector":"4TXjvfLK8Mvhp9+Jd6m/kz.5","action":"GetUpdates Response", "result":"Success", "context":Received 43 update(s). cV=4TXjvfLK8Mvhp9+Jd6m/kz.0;server=akswtt00300003t;cloudType=Consumer;environment=Prod_southeastasia_prod-s01-065-apac-southeastasia;migrationStage=NotStarted}
{"logTime": "0917/002136", "correlationVector":"WqY7xFdwFDlnvEQoWtjL95","action":"Commit Request", "result":"", "context":Item count: 40
Contributing types: Passwords}
{"logTime": "0917/002146", "correlationVector":"WqY7xFdwFDlnvEQoWtjL95.1","action":"SyncServerConnectionManagerRequest", "result":"SYNC_SERVER_OK", "context":{"environment":"Prod_southeastasia_prod-s01-064-apac-southeastasia", "migrationStage":"NotStarted", "server":"akswtt003000032"}}
{"logTime": "0917/002146", "correlationVector":"WqY7xFdwFDlnvEQoWtjL95.2","action":"Commit Response", "result":"Success", "context":Result: Success. cV=WqY7xFdwFDlnvEQoWtjL95.0;server=akswtt003000032;cloudType=Consumer;environment=Prod_southeastasia_prod-s01-064-apac-southeastasia;migrationStage=NotStarted}
{"logTime": "0917/002146", "correlationVector":"+DgTLLDrHLnBOjfwyzesuw","action":"Commit Request", "result":"", "context":Item count: 40
Contributing types: Passwords}
{"logTime": "0917/002156", "correlationVector":"+DgTLLDrHLnBOjfwyzesuw.1","action":"SyncServerConnectionManagerRequest", "result":"SYNC_SERVER_OK", "context":{"environment":"Prod_southeastasia_prod-s01-064-apac-southeastasia", "migrationStage":"NotStarted", "server":"akswtt00300002i"}}
{"logTime": "0917/002156", "correlationVector":"+DgTLLDrHLnBOjfwyzesuw.2","action":"Commit Response", "result":"Success", "context":Result: Success. cV=+DgTLLDrHLnBOjfwyzesuw.0;server=akswtt00300002i;cloudType=Consumer;environment=Prod_southeastasia_prod-s01-064-apac-southeastasia;migrationStage=NotStarted}
{"logTime": "0917/002156", "correlationVector":"w0TaD0YbthVAOp3Pgzz6wt","action":"Commit Request", "result":"", "context":Item count: 40
Contributing types: Passwords}
{"logTime": "0917/002206", "correlationVector":"w0TaD0YbthVAOp3Pgzz6wt.1","action":"SyncServerConnectionManagerRequest", "result":"SYNC_SERVER_OK", "context":{"environment":"Prod_southeastasia_prod-s01-064-apac-southeastasia", "migrationStage":"NotStarted", "server":"akswtt00300000m"}}
{"logTime": "0917/002206", "correlationVector":"w0TaD0YbthVAOp3Pgzz6wt.2","action":"Commit Response", "result":"Success", "context":Result: Success. cV=w0TaD0YbthVAOp3Pgzz6wt.0;server=akswtt00300000m;cloudType=Consumer;environment=Prod_southeastasia_prod-s01-064-apac-southeastasia;migrationStage=NotStarted}
{"logTime": "0917/002206", "correlationVector":"mYlGeichwGuHYtMM3IkAyd","action":"Commit Request", "result":"", "context":Item count: 40
Contributing types: Passwords}
{"logTime": "0917/002216", "correlationVector":"mYlGeichwGuHYtMM3IkAyd.1","action":"SyncServerConnectionManagerRequest", "result":"SYNC_SERVER_OK", "context":{"environment":"Prod_southeastasia_prod-s01-064-apac-southeastasia", "migrationStage":"NotStarted", "server":"akswtt00300002h"}}
{"logTime": "0917/002216", "correlationVector":"mYlGeichwGuHYtMM3IkAyd.2","action":"Commit Response", "result":"Success", "context":Result: Success. cV=mYlGeichwGuHYtMM3IkAyd.0;server=akswtt00300002h;cloudType=Consumer;environment=Prod_southeastasia_prod-s01-064-apac-southeastasia;migrationStage=NotStarted}
{"logTime": "0917/002216", "correlationVector":"5Ohv62qkbccXLIqoWYHeuO","action":"Commit Request", "result":"", "context":Item count: 40
Contributing types: Passwords}
{"logTime": "0917/002226", "correlationVector":"5Ohv62qkbccXLIqoWYHeuO.1","action":"SyncServerConnectionManagerRequest", "result":"SYNC_SERVER_OK", "context":{"environment":"Prod_southeastasia_prod-s01-064-apac-southeastasia", "migrationStage":"NotStarted", "server":"akswtt00300000s"}}
{"logTime": "0917/002226", "correlationVector":"5Ohv62qkbccXLIqoWYHeuO.2","action":"Commit Response", "result":"Success", "context":Result: Success. cV=5Ohv62qkbccXLIqoWYHeuO.0;server=akswtt00300000s;cloudType=Consumer;environment=Prod_southeastasia_prod-s01-064-apac-southeastasia;migrationStage=NotStarted}
{"logTime": "0917/002226", "correlationVector":"rerc5xjEie6B6RlGYYq56z","action":"Commit Request", "result":"", "context":Item count: 29
Contributing types: Passwords, Sessions, History}
{"logTime": "0917/002233", "correlationVector":"rerc5xjEie6B6RlGYYq56z.1","action":"SyncServerConnectionManagerRequest", "result":"SYNC_SERVER_OK", "context":{"environment":"Prod_southeastasia_prod-s01-064-apac-southeastasia", "migrationStage":"NotStarted", "server":"akswtt003000050"}}
{"logTime": "0917/002233", "correlationVector":"rerc5xjEie6B6RlGYYq56z.2","action":"Commit Response", "result":"Success", "context":Result: Success. cV=rerc5xjEie6B6RlGYYq56z.0;server=akswtt003000050;cloudType=Consumer;environment=Prod_southeastasia_prod-s01-064-apac-southeastasia;migrationStage=NotStarted}
{"logTime": "0917/002233", "correlationVector":"rerc5xjEie6B6RlGYYq56z.3","action":"Commit.Sessions", "result":"Success", "context":{"id":"4c8dfc07-c730-4397-b0c6-2b0dbc1cb5bc", "isDeleted":"true", "size":"0", "version":"1789604412513"}}
{"logTime": "0917/002248", "correlationVector":"sNbdW667hA75TNctjUvhIk","action":"Normal GetUpdate request", "result":"", "context":cV=sNbdW667hA75TNctjUvhIk
Nudged types: Sessions, History
Refresh requested types: Bookmarks, Preferences, Passwords, Autofill Profiles, Autofill, Extensions, Sessions, Extension settings, History Delete Directives, Device Info, User Consents, Send Tab To Self, Web Apps, History, Saved Tab Group, WebAuthn Credentials, Edge Hub App Usage, Edge Workspace, Encryption Keys}
{"logTime": "0917/002249", "correlationVector":"sNbdW667hA75TNctjUvhIk.1","action":"SyncServerConnectionManagerRequest", "result":"SYNC_SERVER_OK", "context":{"environment":"Prod_southeastasia_prod-s01-064-apac-southeastasia", "migrationStage":"NotStarted", "server":"akswtt00300000v"}}
{"logTime": "0917/002249", "correlationVector":"sNbdW667hA75TNctjUvhIk.2","action":"ProcessGetUpdates", "result":"Done", "context":{"dataType":"Passwords", "deleted":"0", "process_failed_to_decrypt":"0", "process_pending_decryption":"0", "process_success":"224", "total":"224"}}
{"logTime": "0917/002249", "correlationVector":"sNbdW667hA75TNctjUvhIk.3","action":"ProcessGetUpdates", "result":"Done", "context":{"dataType":"Sessions", "deleted":"1", "process_failed_to_decrypt":"0", "process_pending_decryption":"0", "process_success":"3", "total":"3"}}
{"logTime": "0917/002249", "correlationVector":"sNbdW667hA75TNctjUvhIk.4","action":"ProcessGetUpdates", "result":"Done", "context":{"dataType":"History", "deleted":"0", "process_failed_to_decrypt":"0", "process_pending_decryption":"0", "process_success":"2", "total":"2"}}
{"logTime": "0917/002249", "correlationVector":"sNbdW667hA75TNctjUvhIk.5","action":"GetUpdates Response", "result":"Success", "context":Received 229 update(s). cV=sNbdW667hA75TNctjUvhIk.0;server=akswtt00300000v;cloudType=Consumer;environment=Prod_southeastasia_prod-s01-064-apac-southeastasia;migrationStage=NotStarted}
{"logTime": "0917/002249", "correlationVector":"lPfnv52RWgXTA1l1hf0gzN","action":"Commit Request", "result":"", "context":Item count: 5
Contributing types: Sessions, History}
{"logTime": "0917/002250", "correlationVector":"lPfnv52RWgXTA1l1hf0gzN.1","action":"SyncServerConnectionManagerRequest", "result":"SYNC_SERVER_OK", "context":{"environment":"Prod_southeastasia_prod-s01-064-apac-southeastasia", "migrationStage":"NotStarted", "server":"akswtt00300003j"}}
{"logTime": "0917/002250", "correlationVector":"lPfnv52RWgXTA1l1hf0gzN.2","action":"Commit Response", "result":"Success", "context":Result: Success. cV=lPfnv52RWgXTA1l1hf0gzN.0;server=akswtt00300003j;cloudType=Consumer;environment=Prod_southeastasia_prod-s01-064-apac-southeastasia;migrationStage=NotStarted}
{"logTime": "0917/002250", "correlationVector":"lPfnv52RWgXTA1l1hf0gzN.3","action":"Commit.Sessions", "result":"Success", "context":{"id":"1190cd0b-36f8-4a82-b79b-fc21309bcb29", "isDeleted":"true", "size":"0", "version":"1789604546934"}}
{"logTime": "0917/002444", "correlationVector":"GlKjogFHw7nMDSw/JME8lZ","action":"Normal GetUpdate request", "result":"", "context":cV=GlKjogFHw7nMDSw/JME8lZ
Nudged types: Sessions, History
Refresh requested types: Bookmarks, Preferences, Passwords, Autofill Profiles, Autofill, Extensions, Sessions, Extension settings, History Delete Directives, Device Info, User Consents, Send Tab To Self, Web Apps, History, Saved Tab Group, WebAuthn Credentials, Edge Hub App Usage, Edge Workspace, Encryption Keys}
{"logTime": "0917/002445", "correlationVector":"GlKjogFHw7nMDSw/JME8lZ.1","action":"SyncServerConnectionManagerRequest", "result":"SYNC_SERVER_OK", "context":{"environment":"Prod_southeastasia_prod-s01-065-apac-southeastasia", "migrationStage":"NotStarted", "server":"akswtt003000024"}}
{"logTime": "0917/002445", "correlationVector":"GlKjogFHw7nMDSw/JME8lZ.2","action":"ProcessGetUpdates", "result":"Done", "context":{"dataType":"Sessions", "deleted":"1", "process_failed_to_decrypt":"0", "process_pending_decryption":"0", "process_success":"4", "total":"4"}}
{"logTime": "0917/002445", "correlationVector":"GlKjogFHw7nMDSw/JME8lZ.3","action":"ProcessGetUpdates", "result":"Done", "context":{"dataType":"History", "deleted":"0", "process_failed_to_decrypt":"0", "process_pending_decryption":"0", "process_success":"2", "total":"2"}}
{"logTime": "0917/002445", "correlationVector":"GlKjogFHw7nMDSw/JME8lZ.4","action":"GetUpdates Response", "result":"Success", "context":Received 6 update(s). cV=GlKjogFHw7nMDSw/JME8lZ.0;server=akswtt003000024;cloudType=Consumer;environment=Prod_southeastasia_prod-s01-065-apac-southeastasia;migrationStage=NotStarted}
{"logTime": "0917/002445", "correlationVector":"tUdeWVfY6TuvYmP+8Oki9a","action":"Commit Request", "result":"", "context":Item count: 5
Contributing types: Sessions, History}
{"logTime": "0917/002446", "correlationVector":"tUdeWVfY6TuvYmP+8Oki9a.1","action":"SyncServerConnectionManagerRequest", "result":"SYNC_SERVER_OK", "context":{"environment":"Prod_southeastasia_prod-s01-065-apac-southeastasia", "migrationStage":"NotStarted", "server":"akswtt00300002s"}}
{"logTime": "0917/002446", "correlationVector":"tUdeWVfY6TuvYmP+8Oki9a.2","action":"Commit Response", "result":"Success", "context":Result: Success. cV=tUdeWVfY6TuvYmP+8Oki9a.0;server=akswtt00300002s;cloudType=Consumer;environment=Prod_southeastasia_prod-s01-065-apac-southeastasia;migrationStage=NotStarted}
{"logTime": "0917/002446", "correlationVector":"tUdeWVfY6TuvYmP+8Oki9a.3","action":"Commit.Sessions", "result":"Success", "context":{"id":"c9c313d4-aeff-4d4e-af9f-307903e65fee", "isDeleted":"true", "size":"0", "version":"1789604569240"}}
{"logTime": "0917/003117", "correlationVector":"xDZ/nWlHsxrYoQOULp6ptK","action":"Normal GetUpdate request", "result":"", "context":cV=xDZ/nWlHsxrYoQOULp6ptK
Notified types: History}
{"logTime": "0917/003118", "correlationVector":"xDZ/nWlHsxrYoQOULp6ptK.1","action":"SyncServerConnectionManagerRequest", "result":"SYNC_SERVER_OK", "context":{"environment":"Prod_southeastasia_prod-s01-065-apac-southeastasia", "migrationStage":"NotStarted", "server":"akswtt003000057"}}
{"logTime": "0917/003118", "correlationVector":"xDZ/nWlHsxrYoQOULp6ptK.2","action":"ProcessGetUpdates", "result":"Done", "context":{"dataType":"Sessions", "deleted":"2", "process_failed_to_decrypt":"0", "process_pending_decryption":"0", "process_success":"5", "total":"5"}}
{"logTime": "0917/003118", "correlationVector":"xDZ/nWlHsxrYoQOULp6ptK.3","action":"ProcessGetUpdates", "result":"Done", "context":{"dataType":"History", "deleted":"0", "process_failed_to_decrypt":"0", "process_pending_decryption":"0", "process_success":"3", "total":"3"}}
{"logTime": "0917/003118", "correlationVector":"xDZ/nWlHsxrYoQOULp6ptK.4","action":"GetUpdates Response", "result":"Success", "context":Received 8 update(s). cV=xDZ/nWlHsxrYoQOULp6ptK.0;server=akswtt003000057;cloudType=Consumer;environment=Prod_southeastasia_prod-s01-065-apac-southeastasia;migrationStage=NotStarted}
{"logTime": "0917/003154", "correlationVector":"dDMQqqmy5ys2cfThRYYcp5","action":"Normal GetUpdate request", "result":"", "context":cV=dDMQqqmy5ys2cfThRYYcp5
Notified types: Passwords, Autofill, History}
{"logTime": "0917/003154", "correlationVector":"dDMQqqmy5ys2cfThRYYcp5.1","action":"SyncServerConnectionManagerRequest", "result":"SYNC_SERVER_OK", "context":{"environment":"Prod_southeastasia_prod-s01-065-apac-southeastasia", "migrationStage":"NotStarted", "server":"akswtt00300000k"}}
{"logTime": "0917/003154", "correlationVector":"dDMQqqmy5ys2cfThRYYcp5.2","action":"ProcessGetUpdates", "result":"Done", "context":{"dataType":"Passwords", "deleted":"0", "process_failed_to_decrypt":"0", "process_pending_decryption":"0", "process_success":"1", "total":"1"}}
{"logTime": "0917/003154", "correlationVector":"dDMQqqmy5ys2cfThRYYcp5.3","action":"ProcessGetUpdates", "result":"Done", "context":{"dataType":"Autofill", "deleted":"0", "process_failed_to_decrypt":"0", "process_pending_decryption":"0", "process_success":"2", "total":"2"}}
{"logTime": "0917/003154", "correlationVector":"dDMQqqmy5ys2cfThRYYcp5.4","action":"ProcessGetUpdates", "result":"Done", "context":{"dataType":"Sessions", "deleted":"0", "process_failed_to_decrypt":"0", "process_pending_decryption":"0", "process_success":"2", "total":"2"}}
{"logTime": "0917/003154", "correlationVector":"dDMQqqmy5ys2cfThRYYcp5.5","action":"ProcessGetUpdates", "result":"Done", "context":{"dataType":"History", "deleted":"0", "process_failed_to_decrypt":"0", "process_pending_decryption":"0", "process_success":"3", "total":"3"}}
{"logTime": "0917/003154", "correlationVector":"dDMQqqmy5ys2cfThRYYcp5.6","action":"GetUpdates Response", "result":"Success", "context":Received 8 update(s). cV=dDMQqqmy5ys2cfThRYYcp5.0;server=akswtt00300000k;cloudType=Consumer;environment=Prod_southeastasia_prod-s01-065-apac-southeastasia;migrationStage=NotStarted}
{"logTime": "0917/003752", "correlationVector":"2qvmu02Wz68A3I3LHqibMw","action":"Normal GetUpdate request", "result":"", "context":cV=2qvmu02Wz68A3I3LHqibMw
Nudged types: Sessions, History
Refresh requested types: Bookmarks, Preferences, Passwords, Autofill Profiles, Autofill, Extensions, Sessions, Extension settings, History Delete Directives, Device Info, User Consents, Send Tab To Self, Web Apps, History, Saved Tab Group, WebAuthn Credentials, Edge Hub App Usage, Edge Workspace, Encryption Keys}
{"logTime": "0917/003753", "correlationVector":"2qvmu02Wz68A3I3LHqibMw.1","action":"SyncServerConnectionManagerRequest", "result":"SYNC_SERVER_OK", "context":{"environment":"Prod_southeastasia_prod-s01-065-apac-southeastasia", "migrationStage":"NotStarted", "server":"akswtt00300002m"}}
{"logTime": "0917/003753", "correlationVector":"2qvmu02Wz68A3I3LHqibMw.2","action":"GetUpdates Response", "result":"Success", "context":Received 0 update(s). cV=2qvmu02Wz68A3I3LHqibMw.0;server=akswtt00300002m;cloudType=Consumer;environment=Prod_southeastasia_prod-s01-065-apac-southeastasia;migrationStage=NotStarted}
{"logTime": "0917/003753", "correlationVector":"3R6V9O5d9QAcEi4089O4/M","action":"Commit Request", "result":"", "context":Item count: 5
Contributing types: Sessions, History}
{"logTime": "0917/003755", "correlationVector":"3R6V9O5d9QAcEi4089O4/M.1","action":"SyncServerConnectionManagerRequest", "result":"SYNC_SERVER_OK", "context":{"environment":"Prod_southeastasia_prod-s01-065-apac-southeastasia", "migrationStage":"NotStarted", "server":"akswtt003000009"}}
{"logTime": "0917/003755", "correlationVector":"3R6V9O5d9QAcEi4089O4/M.3","action":"Commit.Sessions", "result":"Success", "context":{"id":"1490da5c-d1ac-4418-b60b-3806fa101a4d", "isDeleted":"true", "size":"0", "version":"1789604684933"}}
{"logTime": "0917/003755", "correlationVector":"3R6V9O5d9QAcEi4089O4/M.2","action":"Commit Response", "result":"Success", "context":Result: Success. cV=3R6V9O5d9QAcEi4089O4/M.0;server=akswtt003000009;cloudType=Consumer;environment=Prod_southeastasia_prod-s01-065-apac-southeastasia;migrationStage=NotStarted}
